Popped = 5
Size now = 5
Popped = 4
Size now = 4
Popped = 3
Size now = 3
Done.
